// Jest Snapshot v1, https://goo.gl/fbAQLP

exports[`renders an edit Lead Image block component 1`] = `
<div
  className="block image align center"
>
  <img
    alt=""
    className=""
    src="image.png"
  />
</div>
`;
