// Jest Snapshot v1, https://goo.gl/fbAQLP

exports[`renders a view image component 1`] = `
<p
  className="block image align center"
>
  <img
    alt=""
    className=""
    src="image.png"
  />
</p>
`;
