// Jest Snapshot v1, https://goo.gl/fbAQLP

exports[`Multilingual Logo renders a logo component with multilingual 1`] = `
<a
  href="/en"
  onClick={[Function]}
  title="Site"
>
  <img
    alt="Plone Site"
    className="ui image"
    height={64}
    src="Logo.svg"
    title="Plone Site"
  />
</a>
`;
