// Jest Snapshot v1, https://goo.gl/fbAQLP

exports[`renders a checkbox widget component 1`] = `
<div
  className="inline field"
>
  <div
    className="ui grid"
  >
    <div
      className="stretched row"
    >
      <div
        className="twelve wide column"
      >
        <div
          className="wrapper"
        >
          <div
            className="ui checkbox"
            onChange={[Function]}
            onClick={[Function]}
            onMouseDown={[Function]}
            onMouseUp={[Function]}
          >
            <input
              checked={null}
              className="hidden"
              name="field-my-field"
              readOnly={true}
              tabIndex={0}
              type="checkbox"
            />
            <label
              htmlFor="field-my-field"
            >
              My field
            </label>
          </div>
        </div>
      </div>
    </div>
  </div>
</div>
`;
