// Jest Snapshot v1, https://goo.gl/fbAQLP

exports[`UsersControlpanel renders a user control component 1`] = `
<div
  className="ui container users-control-panel"
>
  <div
    className="container"
  />
  <div
    className="ui raised segments"
  >
    <div
      className="ui segment primary"
    >
      Users and groups settings
    </div>
    <div
      className="ui segment"
    >
      Users
    </div>
    <div
      className="ui segment"
    >
      <form
        className="ui form"
        onSubmit={[Function]}
      >
        <div
          className="field"
        >
          <div
            className="ui action input"
          >
            <input
              id="user-search-input"
              name="SearchableText"
              onChange={[Function]}
              placeholder="Search users…"
              type="text"
            />
            <button
              className="ui icon button"
              onClick={[Function]}
            >
              <i
                aria-hidden="true"
                className="search icon"
                onClick={[Function]}
              />
            </button>
          </div>
        </div>
      </form>
    </div>
    <form
      className="ui form"
      onSubmit={[Function]}
    >
      <div
        className="table"
      >
        <table
          className="ui striped unstackable attached padded table"
        >
          <thead
            className=""
          >
            <tr
              className=""
            >
              <th
                className=""
              >
                User name
              </th>
              <th
                className=""
              >
                Actions
              </th>
            </tr>
          </thead>
          <tbody
            className=""
          >
            <tr
              className=""
            >
              <th
                className=""
                colspan={9}
              >
                <div
                  className="show-all-users"
                >
                  <p>
                    Enter a username above to search or click 'Show All'
                  </p>
                  <button
                    className="ui button show-all-users"
                    onClick={[Function]}
                  >
                    Show All
                  </button>
                </div>
              </th>
            </tr>
          </tbody>
        </table>
      </div>
    </form>
    <div
      className="ui clearing segment actions"
    >
      Add new user
      <button
        className="ui basic primary right floated button"
        onClick={[Function]}
      >
        <svg
          className="icon addSVG"
          dangerouslySetInnerHTML={
            Object {
              "__html": "<title>Add</title>undefined",
            }
          }
          onClick={null}
          style={
            Object {
              "fill": "#007eb1",
              "height": "30px",
              "width": "auto",
            }
          }
          viewBox=""
          xmlns=""
        />
      </button>
    </div>
    <div
      className="ui divider"
    />
    <div
      className="ui segment"
    >
      Groups
    </div>
    <div
      className="ui segment"
    >
      <form
        className="ui form"
        onSubmit={[Function]}
      >
        <div
          className="field"
        >
          <div
            className="ui action input"
          >
            <input
              id="group-search-input"
              name="SearchableText"
              onChange={[Function]}
              placeholder="Search group…"
              type="text"
            />
            <button
              className="ui icon button"
              onClick={[Function]}
            >
              <i
                aria-hidden="true"
                className="search icon"
                onClick={[Function]}
              />
            </button>
          </div>
        </div>
      </form>
    </div>
    <form
      className="ui form"
      onSubmit={[Function]}
    >
      <div
        className="table"
      >
        <table
          className="ui striped unstackable attached padded table"
        >
          <thead
            className=""
          >
            <tr
              className=""
            >
              <th
                className=""
              >
                Groupname
              </th>
              <th
                className=""
              >
                Actions
              </th>
            </tr>
          </thead>
          <tbody
            className=""
          />
        </table>
      </div>
    </form>
    <div
      className="ui clearing segment actions"
    >
      Add new group
      <button
        className="ui basic primary right floated button"
        onClick={[Function]}
      >
        <svg
          className="icon"
          dangerouslySetInnerHTML={
            Object {
              "__html": "<title>Add</title>undefined",
            }
          }
          onClick={null}
          style={
            Object {
              "fill": "#007eb1",
              "height": "30px",
              "width": "auto",
            }
          }
          viewBox=""
          xmlns=""
        />
      </button>
    </div>
  </div>
  <div
    id="Portal"
  />
</div>
`;
