// Jest Snapshot v1, https://goo.gl/fbAQLP

exports[`renders an Listing Data Sidebar component 1`] = `
Array [
  <div
    className="inline field text"
  >
    <div
      className="ui grid"
    >
      <div
        className="stretched row"
      >
        <div
          className="four wide column"
        >
          <div
            className="wrapper"
          >
            <label
              htmlFor="field-linkTitle"
            >
              Link Title
            </label>
          </div>
        </div>
        <div
          className="eight wide column"
        >
          <div
            className="ui input"
          >
            <input
              id="field-linkTitle"
              maxLength={null}
              minLength={null}
              name="linkTitle"
              onBlur={[Function]}
              onChange={[Function]}
              onClick={[Function]}
              type="text"
              value=""
            />
          </div>
        </div>
      </div>
    </div>
  </div>,
  <div
    className="inline field text"
  >
    <div
      className="ui grid"
    >
      <div
        className="stretched row"
      >
        <div
          className="four wide column"
        >
          <div
            className="wrapper"
          >
            <label
              htmlFor="field-linkHref"
            >
              Link to
            </label>
          </div>
        </div>
        <div
          className="eight wide column"
        >
          <div
            className="ui icon input"
          >
            <input
              id="field-linkHref"
              maxLength={null}
              minLength={null}
              name="linkHref"
              onBlur={[Function]}
              onChange={[Function]}
              onClick={[Function]}
              type="text"
              value=""
            />
            <i
              aria-hidden="true"
              attributes={
                Object {
                  "viewBox": "",
                  "xmlns": "",
                }
              }
              className="icon"
              onClick={[Function]}
            />
          </div>
          <button
            className="field-linkHref-action-button"
            onClick={[Function]}
          >
            <svg
              className="icon"
              dangerouslySetInnerHTML={
                Object {
                  "__html": undefined,
                }
              }
              onClick={null}
              style={
                Object {
                  "fill": "currentColor",
                  "height": "18px",
                  "width": "auto",
                }
              }
              viewBox=""
              xmlns=""
            />
          </button>
        </div>
      </div>
    </div>
  </div>,
]
`;
