// Jest Snapshot v1, https://goo.gl/fbAQLP

exports[`renders an gallery view component 1`] = `
<div
  className="ui container view-wrapper"
>
  <article
    id="content"
  >
    <header>
      <h1
        className="documentFirstHeading"
      >
        Hello World!
      </h1>
      <p
        className="documentDescription"
      >
        Hi
      </p>
    </header>
    <section
      id="content-core"
    >
      <div
        className="ui doubling stackable four column grid"
      >
        <div
          className="column"
          onBlur={[Function]}
          onClick={[Function]}
          onFocus={[Function]}
          onMouseEnter={[Function]}
          onMouseLeave={[Function]}
        >
          <div
            className="ui segment imageborder"
          >
            <img
              className="ui middle aligned image"
              onClick={[Function]}
              src="file:///preview.jpg"
            />
          </div>
        </div>
        <div
          className="column"
          onBlur={[Function]}
          onClick={[Function]}
          onFocus={[Function]}
          onMouseEnter={[Function]}
          onMouseLeave={[Function]}
        >
          <div
            className="ui segment imageborder"
          >
            <img
              className="ui middle aligned image"
              onClick={[Function]}
              src="file:///preview.jpg"
            />
          </div>
        </div>
      </div>
    </section>
  </article>
</div>
`;
