// Jest Snapshot v1, https://goo.gl/fbAQLP

exports[`renders an image view component 1`] = `
<div
  className="ui container view-wrapper"
>
  <h1
    className="documentFirstHeading"
  >
    Hello World!
  </h1>
  <p
    className="documentDescription"
  >
    Hi
  </p>
  <a
    href="file:///preview.jpg"
  >
    <img
      alt="Hello World!"
      src="file:///preview.jpg"
    />
    <figcaption>
      Size: 123 kB
        —  
      Click to download full sized image
    </figcaption>
  </a>
</div>
`;
