// Jest Snapshot v1, https://goo.gl/fbAQLP

exports[`Toolbar More component renders a Toolbar More component 1`] = `
<div
  className="menu-more pastanaga-menu"
  style={
    Object {
      "flex": "0 0 320px",
    }
  }
>
  <header>
    <h2 />
    <button
      aria-label="Personal tools"
      className="more-user"
      onClick={[Function]}
      tabIndex={0}
    >
      <svg
        className="icon"
        dangerouslySetInnerHTML={
          Object {
            "__html": undefined,
          }
        }
        onClick={null}
        style={
          Object {
            "fill": "currentColor",
            "height": "30px",
            "width": "auto",
          }
        }
        viewBox=""
        xmlns=""
      />
    </button>
  </header>
  <div
    className="pastanaga-menu-list"
  >
    <ul>
      <li
        className="state-select"
      >
        <div
          id="state-select"
        />
      </li>
      <li
        className="display-select"
      >
        <div
          id="display-select"
        />
      </li>
      <li>
        <a
          href="/blah/history"
          onClick={[Function]}
        >
          <button>
            <div>
              <span
                className="pastanaga-menu-label"
              >
                History
              </span>
              <span
                className="pastanaga-menu-value"
              />
            </div>
            <svg
              className="icon"
              dangerouslySetInnerHTML={
                Object {
                  "__html": undefined,
                }
              }
              onClick={null}
              style={
                Object {
                  "fill": "currentColor",
                  "height": "24px",
                  "width": "auto",
                }
              }
              viewBox=""
              xmlns=""
            />
          </button>
        </a>
      </li>
      <li>
        <a
          href="/blah/sharing"
          onClick={[Function]}
        >
          <button>
            Sharing
            <svg
              className="icon"
              dangerouslySetInnerHTML={
                Object {
                  "__html": undefined,
                }
              }
              onClick={null}
              style={
                Object {
                  "fill": "currentColor",
                  "height": "24px",
                  "width": "auto",
                }
              }
              viewBox=""
              xmlns=""
            />
          </button>
        </a>
      </li>
    </ul>
  </div>
</div>
`;
