// Jest Snapshot v1, https://goo.gl/fbAQLP

exports[`renders an edit video block component 1`] = `
<div
  className="block video align center"
>
  <div
    className="video-inner"
  >
    <div
      className="ui active embed"
      onClick={[Function]}
    >
      <i
        aria-hidden="true"
        className="play icon"
        onClick={[Function]}
      />
      <div
        className="embed"
      >
        <iframe
          allowFullScreen={false}
          frameBorder={0}
          height="100%"
          scrolling="no"
          src="//www.youtube.com/embed/KqjeO_ekW3g?autohide=true&amp;autoplay=false&amp;color=%23444444&amp;hq=true&amp;jsapi=false&amp;modestbranding=false&amp;rel=1"
          title="Embedded content from youtube."
          width="100%"
        />
      </div>
    </div>
  </div>
</div>
`;
